// Vitest Snapshot v1, https://vitest.dev/guide/snapshot.html

exports[`バリデーターで型を変更する 1`] = `[TypeError: number]`;
